// Jest Snapshot v1, https://goo.gl/fbAQLP

exports[`SearchBox Component renders a snapshot 1`] = `
<Styled(styled.div)
  elevation={3}
>
  <Icon
    iconClassName="fa fa-search"
    size="1.5em"
    spacing="18px"
  />
  <styled.span
    fontSize="1.2rem"
    normal={true}
    primary={true}
  >
     
    Type to search
     
  </styled.span>
</Styled(styled.div)>
`;
