// Jest Snapshot v1, https://goo.gl/fbAQLP

exports[`BackButton Component renders a snapshot 1`] = `
<withStyles(Button)
  aria-label="back"
  color="primary"
  onClick={[Function]}
  raised={true}
  style={
    Object {
      "margin": "15px 15px 15px 15px",
    }
  }
>
  <pure(ArrowBack) />
</withStyles(Button)>
`;
